// Jest Snapshot v1, https://goo.gl/fbAQLP

exports[`<PageLoader /> should dispatch set element action 1`] = `
<div>
  
  <div
    type="div"
  >
    Hello world 
    <span
      type="span"
    >
      John Doe
    </span>
  </div>
  <a
    href="https://google.com"
    type="a"
  >
    link
  </a>
  <br
    type="br"
  />
  <button
    type="button"
  >
    click to alert
  </button>
  Hello World
  <br
    type="br"
  />
  String can render straight away
</div>
`;
